// Vitest Snapshot v1, https://vitest.dev/guide/snapshot.html

exports[`SearchForm component > renders correctly SearchForm component 1`] = `
{
  "asFragment": [Function],
  "baseElement": <body>
    <div>
      <form
        class="_input_49e12d"
      >
        <input
          class="_input__box_49e12d"
          data-testid="search-input"
          name="search"
          placeholder="Enter request"
          type="text"
          value=""
        />
        <button
          class="_button_634e7c"
          data-testid="search-button"
          type="submit"
        >
          Search
        </button>
      </form>
    </div>
  </body>,
  "container": <div>
    <form
      class="_input_49e12d"
    >
      <input
        class="_input__box_49e12d"
        data-testid="search-input"
        name="search"
        placeholder="Enter request"
        type="text"
        value=""
      />
      <button
        class="_button_634e7c"
        data-testid="search-button"
        type="submit"
      >
        Search
      </button>
    </form>
  </div>,
  "debug": [Function],
  "findAllByAltText": [Function],
  "findAllByDisplayValue": [Function],
  "findAllByLabelText": [Function],
  "findAllByPlaceholderText": [Function],
  "findAllByRole": [Function],
  "findAllByTestId": [Function],
  "findAllByText": [Function],
  "findAllByTitle": [Function],
  "findByAltText": [Function],
  "findByDisplayValue": [Function],
  "findByLabelText": [Function],
  "findByPlaceholderText": [Function],
  "findByRole": [Function],
  "findByTestId": [Function],
  "findByText": [Function],
  "findByTitle": [Function],
  "getAllByAltText": [Function],
  "getAllByDisplayValue": [Function],
  "getAllByLabelText": [Function],
  "getAllByPlaceholderText": [Function],
  "getAllByRole": [Function],
  "getAllByTestId": [Function],
  "getAllByText": [Function],
  "getAllByTitle": [Function],
  "getByAltText": [Function],
  "getByDisplayValue": [Function],
  "getByLabelText": [Function],
  "getByPlaceholderText": [Function],
  "getByRole": [Function],
  "getByTestId": [Function],
  "getByText": [Function],
  "getByTitle": [Function],
  "queryAllByAltText": [Function],
  "queryAllByDisplayValue": [Function],
  "queryAllByLabelText": [Function],
  "queryAllByPlaceholderText": [Function],
  "queryAllByRole": [Function],
  "queryAllByTestId": [Function],
  "queryAllByText": [Function],
  "queryAllByTitle": [Function],
  "queryByAltText": [Function],
  "queryByDisplayValue": [Function],
  "queryByLabelText": [Function],
  "queryByPlaceholderText": [Function],
  "queryByRole": [Function],
  "queryByTestId": [Function],
  "queryByText": [Function],
  "queryByTitle": [Function],
  "rerender": [Function],
  "store": {
    "@@observable": [Function],
    "dispatch": [Function],
    "getState": [Function],
    "replaceReducer": [Function],
    "subscribe": [Function],
  },
  "unmount": [Function],
}
`;
